// Jest Snapshot v1, https://goo.gl/fbAQLP

exports[`matches snapshot , all lights off, show the win message 1`] = `
<DocumentFragment>
  <div
    class="Board-won"
  >
    You Won
  </div>
</DocumentFragment>
`;

exports[`matches snapshot , all lights on, show the board 1`] = `
<DocumentFragment>
  <table
    class="Board"
    data-testid="Board"
  >
    <tbody>
      <tr>
        <td
          class="Cell Cell-lit"
          data-testid="0-0"
        />
        <td
          class="Cell Cell-lit"
          data-testid="0-1"
        />
        <td
          class="Cell Cell-lit"
          data-testid="0-2"
        />
        <td
          class="Cell Cell-lit"
          data-testid="0-3"
        />
        <td
          class="Cell Cell-lit"
          data-testid="0-4"
        />
      </tr>
      <tr>
        <td
          class="Cell Cell-lit"
          data-testid="1-0"
        />
        <td
          class="Cell Cell-lit"
          data-testid="1-1"
        />
        <td
          class="Cell Cell-lit"
          data-testid="1-2"
        />
        <td
          class="Cell Cell-lit"
          data-testid="1-3"
        />
        <td
          class="Cell Cell-lit"
          data-testid="1-4"
        />
      </tr>
      <tr>
        <td
          class="Cell Cell-lit"
          data-testid="2-0"
        />
        <td
          class="Cell Cell-lit"
          data-testid="2-1"
        />
        <td
          class="Cell Cell-lit"
          data-testid="2-2"
        />
        <td
          class="Cell Cell-lit"
          data-testid="2-3"
        />
        <td
          class="Cell Cell-lit"
          data-testid="2-4"
        />
      </tr>
      <tr>
        <td
          class="Cell Cell-lit"
          data-testid="3-0"
        />
        <td
          class="Cell Cell-lit"
          data-testid="3-1"
        />
        <td
          class="Cell Cell-lit"
          data-testid="3-2"
        />
        <td
          class="Cell Cell-lit"
          data-testid="3-3"
        />
        <td
          class="Cell Cell-lit"
          data-testid="3-4"
        />
      </tr>
      <tr>
        <td
          class="Cell Cell-lit"
          data-testid="4-0"
        />
        <td
          class="Cell Cell-lit"
          data-testid="4-1"
        />
        <td
          class="Cell Cell-lit"
          data-testid="4-2"
        />
        <td
          class="Cell Cell-lit"
          data-testid="4-3"
        />
        <td
          class="Cell Cell-lit"
          data-testid="4-4"
        />
      </tr>
    </tbody>
  </table>
</DocumentFragment>
`;

exports[`matches snapshot 1`] = `
<DocumentFragment>
  <table
    class="Board"
    data-testid="Board"
  >
    <tbody>
      <tr>
        <td
          class="Cell Cell-lit"
          data-testid="0-0"
        />
        <td
          class="Cell Cell-lit"
          data-testid="0-1"
        />
        <td
          class="Cell Cell-lit"
          data-testid="0-2"
        />
        <td
          class="Cell Cell-lit"
          data-testid="0-3"
        />
        <td
          class="Cell Cell-lit"
          data-testid="0-4"
        />
      </tr>
      <tr>
        <td
          class="Cell Cell-lit"
          data-testid="1-0"
        />
        <td
          class="Cell Cell-lit"
          data-testid="1-1"
        />
        <td
          class="Cell Cell-lit"
          data-testid="1-2"
        />
        <td
          class="Cell Cell-lit"
          data-testid="1-3"
        />
        <td
          class="Cell Cell-lit"
          data-testid="1-4"
        />
      </tr>
      <tr>
        <td
          class="Cell Cell-lit"
          data-testid="2-0"
        />
        <td
          class="Cell Cell-lit"
          data-testid="2-1"
        />
        <td
          class="Cell Cell-lit"
          data-testid="2-2"
        />
        <td
          class="Cell Cell-lit"
          data-testid="2-3"
        />
        <td
          class="Cell Cell-lit"
          data-testid="2-4"
        />
      </tr>
      <tr>
        <td
          class="Cell Cell-lit"
          data-testid="3-0"
        />
        <td
          class="Cell Cell-lit"
          data-testid="3-1"
        />
        <td
          class="Cell Cell-lit"
          data-testid="3-2"
        />
        <td
          class="Cell Cell-lit"
          data-testid="3-3"
        />
        <td
          class="Cell Cell-lit"
          data-testid="3-4"
        />
      </tr>
      <tr>
        <td
          class="Cell Cell-lit"
          data-testid="4-0"
        />
        <td
          class="Cell Cell-lit"
          data-testid="4-1"
        />
        <td
          class="Cell Cell-lit"
          data-testid="4-2"
        />
        <td
          class="Cell Cell-lit"
          data-testid="4-3"
        />
        <td
          class="Cell Cell-lit"
          data-testid="4-4"
        />
      </tr>
    </tbody>
  </table>
</DocumentFragment>
`;
