// Jest Snapshot v1, https://goo.gl/fbAQLP

exports[`matches snapshot 1`] = `
<DocumentFragment>
  <div
    class="TodoList"
  >
    <div
      class="TodoForm"
    >
      <form>
        <label
          for="todo-"
        >
          New Todo:
        </label>
        <input
          id="todo-"
          name="todo"
          placeholder="Things to do"
          required=""
          type="text"
          value=""
        />
        <button>
          Add Todo
        </button>
      </form>
    </div>
    <div
      class="TodoList-list"
    />
  </div>
</DocumentFragment>
`;
